---
source: tui/src/chatwidget/tests/exec_flow.rs
assertion_line: 786
expression: normalize_snapshot_paths(rendered)
---
┌──────────────────────────────────────────────┐
│                                              │
│• Waiting for background terminal (0s • esc t…│
│  └ cargo test -p codex-core -- --exact…      │
│                                              │
│                                              │
│› Ask SolaiAgent to do anything               │
│                                              │
│  gpt-5.5 default · Smart ctx off · /tmp/proj…│
└──────────────────────────────────────────────┘
