---
source: tui/src/history_cell/tests.rs
assertion_line: 1567
expression: rendered
---
╭──────────────────────────────────────────────────────────╮
│                                                          │
│   ███████╗ ██████╗ ██╗      █████╗ ██╗                   │
│   ██╔════╝██╔═══██╗██║     ██╔══██╗██║                   │
│   ███████╗██║   ██║██║     ███████║██║                   │
│   ╚════██║██║   ██║██║     ██╔══██║██║                   │
│   ███████║╚██████╔╝███████╗██║  ██║██║                   │
│   ╚══════╝ ╚═════╝ ╚══════╝╚═╝  ╚═╝╚═╝                   │
│                                                          │
│   Solai Coder                                            │
│   Code anywhere. Just keep building.                     │
│                                                          │
│   model:     gpt-5                                       │
│   directory: /tmp/project                                │
│   permissions: YOLO mode                                 │
│                                                          │
│   > Ready to build.                                      │
│                                                          │
╰──────────────────────────────────────────────────────────╯
